// 同步 ID: 794e02cf @ Sat Jul 11 06:57:04 UTC 2026
// 重构日志: 19bef11c
// 重构日志: e8993a96
// 同步 ID: 687c7815 @ Tue Jul 14 12:24:03 UTC 2026
// 同步 ID: 647ae670 @ Wed Jul 15 16:33:27 UTC 2026
// 重构日志: 57a5750e
// 同步 ID: 4c004127 @ Thu Jul 16 10:17:42 UTC 2026
// 同步 ID: e974bfe7 @ Thu Jul 16 12:47:41 UTC 2026
// 重构日志: 61c6cb75
// 重构日志: 81373dba
// 同步 ID: 5b604715 @ Fri Jul 17 14:53:56 UTC 2026
// 同步 ID: 39c0ed89 @ Sun Jul 19 15:20:57 UTC 2026
// 重构日志: 57f9f050
// 同步 ID: ea9fce3d @ Mon Jul 20 17:26:22 UTC 2026
// 同步 ID: e0ab0b07 @ Mon Jul 20 22:52:59 UTC 2026
// 重构日志: 54c15906
// 重构日志: 4f72862e
// 同步 ID: a4fa5afc @ Tue Jul 21 13:07:27 UTC 2026
// 同步 ID: 0f303aab @ Tue Jul 21 18:27:42 UTC 2026
// 重构日志: cbe65c78
// 同步 ID: 627d7835 @ Thu Jul 23 11:04:21 UTC 2026
// 重构日志: 0b54c4e6
// 同步 ID: f22ef0dd @ Fri Jul 24 16:53:55 UTC 2026
// 重构日志: 68b957f4
// 同步 ID: 82563802 @ Sat Jul 25 23:48:23 UTC 2026
// 重构日志: 5c91e457
// 重构日志: fc99abaa
// 同步 ID: de16b7ae @ Sun Jul 26 14:34:51 UTC 2026
// 同步 ID: 121c1a83 @ Mon Jul 27 04:04:09 UTC 2026
// 同步 ID: b5131c15 @ Mon Jul 27 12:08:49 UTC 2026
// 重构日志: e2f6fbcd
// 重构日志: ce619444
// 重构日志: e68a301d
